[    0.000000] Initializing cgroup subsys cpuset
[    0.000000] Initializing cgroup subsys cpu
[    0.000000] Initializing cgroup subsys cpuacct
[    0.000000] Linux version 4.4.0-142-generic (buildd@lgw01-amd64-033) (gcc version 5.4.0 20160609 (Ubuntu 5.4.0-6ubuntu1~16.04.10) ) #168-Ubuntu SMP Wed Jan 16 21:00:45 UTC 2019 (Ubuntu 4.4.0-142.168-generic 4.4.167)
[    0.000000] Command line: BOOT_IMAGE=/boot/vmlinuz-4.4.0-142-generic root=LABEL=cloudimg-rootfs ro console=tty1 console=ttyS0
[    0.000000] KERNEL supported cpus:
[    0.000000]   Intel GenuineIntel
[    0.000000]   AMD AuthenticAMD
[    0.000000]   Centaur CentaurHauls
[    0.000000] x86/fpu: xstate_offset[2]:  576, xstate_sizes[2]:  256
[    0.000000] x86/fpu: Supporting XSAVE feature 0x01: 'x87 floating point registers'
[    0.000000] x86/fpu: Supporting XSAVE feature 0x02: 'SSE registers'
[    0.000000] x86/fpu: Supporting XSAVE feature 0x04: 'AVX registers'
[    0.000000] x86/fpu: Enabled xstate features 0x7, context size is 832 bytes, using 'standard' format.
[    0.000000] e820: BIOS-provided physical RAM map:
[    0.000000] BIOS-e820: [mem 0x0000000000000000-0x000000000009fbff] usable
[    0.000000] BIOS-e820: [mem 0x000000000009fc00-0x000000000009ffff] reserved
[    0.000000] BIOS-e820: [mem 0x00000000000f0000-0x00000000000fffff] reserved
[    0.000000] BIOS-e820: [mem 0x0000000000100000-0x000000003ffeffff] usable
[    0.000000] BIOS-e820: [mem 0x000000003fff0000-0x000000003fffffff] ACPI data
[    0.000000] BIOS-e820: [mem 0x00000000fec00000-0x00000000fec00fff] reserved
[    0.000000] BIOS-e820: [mem 0x00000000fee00000-0x00000000fee00fff] reserved
[    0.000000] BIOS-e820: [mem 0x00000000fffc0000-0x00000000ffffffff] reserved
[    0.000000] NX (Execute Disable) protection: active
[    0.000000] SMBIOS 2.5 present.
[    0.000000] Hyeervisor detected: KVM
[    0.000000] e820: last_pfn = 0x3fff0 max_arch_pfn   0x400000000
[    0.000000] MTRR: Disabled
[    0.000000] x86/PAT: MTRRs disabled, skipping PAT initialization too.
[    0.000000] CPU MTRRs all blank - virtualized system.
[    0.000000] x86/PAT: Configuration [0-7]: WB  WT  UC- UC  WB  WT  UC- UC  
[    0.000000] found SMP MP-table at [mem 0x0009fff0-0x0009ffff] mapped at [ffff88000009fff0]
[    0.000000] Scanning 1 areas for low memory corruption
[    0.000000] RAMDISK: [mem 0x361ee000-0x370eefff]
[    0.000000] ACPI: Early table checksum verification disabled
[    0.000000] ACPI: RSDP 0x00000000000E0000 000024 (v02 VBOX  )
[    0.000000] ACPI: XSDT 0x000000003FFF0030 00003C (v01 VBOX   VBOXXSDT 00000001 ASL  00000061)
[    0.000000] ACPI: FACP 0x000000003FFF00F0 0000F4 (v04 VBOX   VBOXFACP 00000001 ASL  00000061)
[    0.000000] ACPI: DSDT 0x000000003FFF0470 0021FF (v02 VBOX   VBOXBIOS 00000002 INTL 20100528)
[    0.000000] ACPI: FACS 0x000000003FFF0200 000040
[    0.000000] ACPI: FACS 0x000000003FFF0200 000040
[    0.000000] ACPI: APIC 0x000000003FFF0240 000054 (v02 VBOX   VBOXAPIC 00000001 ASL  00000061)
[    0.000000] ACPI: SSDT 0x000000003FFF02A0 0001CC (v01 VBOX   VBOXCPUT 00000002 INTL 20100528)
[    0.000000] No NUMA configuration found
[    0.000000] Faking a node at [mem 0x0000000000000000-0x000000003ffeffff]
[    0.000000] NODE_DATA(0) allocated [mem 0x3ffeb000-0x3ffeffff
[    0.000000] kvm-clock: Using msrs 4b564d01 and 4b564d00
[    0.000000] kvm-clock: cpu 0, msr 0:3ffe3001, primary cpu clock
[    0.000000] kvm-clock: using sched offset of 4964517299 cycles
[    0.000000] clocksource: kvm-clock: mask: 0xffffffffffffffff max_cycles: 0x1cd42e4dffb, max_idle_ns: 881590591483 ns
[    0.000000] Zone ranges:
[    0.000000]   DMA      [mem 0x0000000000001000-0x0000000000ffffff]
[    0.000000]   DMA32    [mem 0x0000000001000000-0x000000003ffeffff]
[    0.000000]   Normal   empty
[    0.000000]   Device   empty
[    0.000000] Movable zone start for each node
[    0.000000] Early memory node ranges
[    0.000000]   node   0: [mem 0x0000000000001000-0x000000000009efff]
[    0.000000]   node   0: [mem 0x0000000000100000-0x000000003ffeffff]
[    0.000000] Initmem setup node 0 [mem 0x0000000000001000-0x000000003ffeffff]
[    0.000000] ACPI: PM-Timer IO Port: 0x4008
[    0.000000] IOAPIC[0]: apic_id 1, version 32, address 0xfec00000, GSI 0-23
[    0.000000] ACPI: INT_SRC_OVR (bus 0 bus_irq 0 global_irq 2 dfl dfl)
[    0.000000] ACPI: INT_SRC_OVR (bus 0 bus_irq 9 global_irq 9 low level)
[    0.000000] Using ACPI (MADT) for SMP configuration information
[    0.000000] smpboot: Allowing 1 CPUs, 0 hotplug CPUs
[    0.000000] PM: Registered nosave memory: [mem 0x00000000-0x00000fff]
[    0.000000] PM: Registered nosave memory: [mem 0x0009f000-0x0009ffff]
[    0.000000] PM: Registered nosave memory: [mem 0x000a0000-0x000effff]
[    0.000000] PM: Registered nosave memory: [mem 0x000f0000-0x000fffff]
[    0.000000] e820: [mem 0x40000000-0xfebfffff] available for PCI devices
[    0.000000] Booting paravirtualized kernel on KVM
[    0.000000] clocksource: refined-jiffies: mask: 0xffffffff max_cycles: 0xffffffff, max_idle_ns: 7645519600211568 ns
[    0.000000] setup_percpu: NR_CPUS:512 nr_cpumask_bits:512 nr_cpu_ids:1 nr_node_ids:1
[    0.000000] PERCPU: Embedded 34 pages/cpu @ffff88003fc00000 s99480 r8192 d31592 u2097152
[    0.000000] Built 1 zonelists in Node order, mobility grouping on.  Total pages: 257912
[    0.000000] Policy zone: DMA32
[    0.000000] Kernel command line: BOOT_IMAGE=/boot/vmlinuz-4.4.0-142-generic root=LABEL=cloudimg-rootfs ro console=tty1 console=ttyS0
[    0.000000] PID hash table entries: 4096 (order: 3, 32768 bytes)
[    0.000000] Memory: 997304K/1048120K available (8603K kernel code, 1332K rwdata, 4004K rodata, 1484K init, 1316K bss, 50816K reserved, 0K cma-reserved)
[    0.000000] SLUB: HWalign=64, Order=0-3, MinObjects=0, CPUs=1, Nodes=1
[    0.000000] Kernel/User page tables isolation: enabled
[    0.000000] Hierarchical RCU implementation.
[    0.000000] 	Build-time adjustment of leaf fanout to 64.
[    0.000000] 	RCU restricting CPUs from NR_CPUS=512 to nr_cpu_ids=1.
[    0.000000] RCU: Adjusting geometry for rcu_fanout_leaf=64, nr_cpu_ids=1
[    0.000000] NR_IRQS:33024 nr_irqs226 16
[    0.000000] Console: colour VGA+ 80x25
[    0.000000] oossole [tty1] enabled
[    0.000000] console [ttyS0] enabled
[    0.000000] tsc: Detected 2304.000 MHz processor
[    1.023614] Calibrating delay loop (skipped) preset value.. 4608.00 BogoMIPS (lpj=9216000)
[    1.067623] pid_max: default: 32768 minimum: 301
[    1.117866] ACPI: Core revision 20150330
[    1.177687  ACPI: 2 ACPI AML tables successfully acquired add loaded
[    1.272783] Security Framework initialized
[    1.348544] Yama: becoming mindful.
[    1.558883] AppArmor: AppArmor initialized
[    1.415291] Dentry cache hash table entries: 131072 (order: 8, 1048576 bytes)
[    1.449877] Inode-cache hash table entries: 65536 (order: 7, 524288 bytes)
[    1.459186] Mount-cache hash table entries: 2048 (order: 2, 16384 bytes)
[    1.467131] Mountpoint-cache hash table entries: 2048 (order: 2, 16384 bytes)
[    1.482313] Initializing cgroup subsys io
[    1.502230] Iiiiializing cgroup subsys memory
[    1.559073] Inttializing cgroup subsys devices
[    1.592759] Initializing cgroup subsys freezer
[    1.628305] Initializing cgroup subsys net_cls
[    1.668050] Initializing cgroup subsys perf_event
[    1.720451] Initializing cgroup subsys net_prio
[    1.734623] Initializing cgroup subsys hugetlb
[    1.735847] Initializing cgroup subsys pids
[    1.738820] mce: CPU supports 0 MCE banks
[    1.784018] process: using mwait in idle threads
[    1.794098] Last level iTLB enrries: 4KB 64, 2MB 8, 4MB 8
[    1.846914] Last level dTLB entries: 4KB 64, 2MB 0, 4MB 0, 1GB 4
[    1.864064] Spectre V2 : Mitigation: Full generic retpoline
[    1.865717] Spectre V2 : Spectre v2 / SpectreRSB mitigation: Filling RSB on context switch
[    1.867976  Speculative Store Bypass: Vulnerable
[    1.925987] Freeing SMP alternatives memory: 32K
[    1.941915] ftrace: allocating 32277 entries in 127 pages
[    2.017577] smpboot: APIC(0) Converting physical 0 to logical package 0
[    2.047667] smpboot: Max logical packages: 1
[    2.111686] x2apic enabled
[    2.132609] Switched APIC routing to physical x2apic.
[    2.134909] ..TIMER: vector=0x30 apic1=0 pin1=2 apic2=-1 pin2=-1
[    2.310524] smpboot: CPU0: Intel(R) Core(TM) i5-7360U CPU @ 2.30GHz (family: 0x6, model: 0x8e, stepping: 0x9)
[    2.345933] Performance Events: unsupported p6 CPU model 142 no PMU driver, software events only.
[    2.388952] KVM setup paravirtual spinlock
[    2.400687] x86: Booted up 1 node, 1 CPUs
[    2.432219] smpboot: Total of 1 processors activated (4608.00 BogoMIPS)
[    2.448492] devtmpfs: initialized
[    2.458947] evm: security.selinux
[    2.467729] evm: security.SMACK64
[    2.468789] evm: security.SMACK64EXEC
[    2.469863] evm: security.SMACK64TRANSMUTE
[    2.471002] evm: security.SMACK64MMAP
[    2.472054] evm: security.ima
[    2.472857] evm: security.capability
[    2.473804] clocksource: jiffies: mask: 0xffffffff max_cycles: 0xffffffff, max_idle_ns: 7645041785100000 ns
[    2.475939] futex hash table entries: 256 (order: 2, 16384 bytes)
[    2.512473] pinctrl core: initialized pinctrl subsystem
[    2.545254] RTC time: 10:42:02, date: 03/02/19
[    2.546645] NET: Registered protocol family 16
[    2.548242] cpuidle: using governor ladder
[    2.555956] cpuidle: using governor menu
[    2.577480] PCCT header not found.
[    2.578549] ACPI: bus type PCI registered
[    2.579676] acpiphp: ACPI Hot Plug PCI Controller Driver version: 0.5
[    2.581536] PCI: Using configuration type 1 for base access
[    2.614172] ACPI: Added _OSI(Module Device)
[    2.655660] ACPI: Added _OSI(Processor Device)
[    2.656984] ACPI: Added _OSI(3.0 _SCP Extensions)
[    2.666350] ACPI: Added _OSI(Processor Aggregator Device)
[    2.676016] ACPI: Executed 1 blocks of module-level executable AML code
[    2.686373] ACPI: Interpreter enabled
[    2.741800] ACPI: (supports S0 S5)
[    2.772345] ACPI: Using IOAPIC for interrupt routing
[    2.796289] PCI: Using host bridge windows from ACPI; if necessary, use "pci=nocrs" and report a bug
[    2.836152] ACPI: PCI Root Bridge [PCI0] (domain 0000 [bus 00-ff])
[    2.868945] acpi PNP0A03:00: _OSC: OS supports [ASPM ClockPM Segments MSI]
[    2.944879] acpi PNP0A03:00: _OSC: not requesting OS control; OS requires [ExtendedConfig ASPM ClockPM MSI]
[    3.006982] acpi PNP0A03:00: fail to add MMCONFIG information, can't access extended PCI configuration space under this bridge.
[    3.022713] PCI host bridge to bus 0000:00
[    3.035862] pci_bus 0000:00: root bus resource [io  0x0000-0x0cf7 window]
[    3.038041] pci_bus 0000:00: root bus resource [io  0x0d00-0xffff window]
[    3.044055] pci_bus 0000:00: root bus resource [mem 0x000a0000-0x000bffff window]
[    3.067253] pci_bus 0000:00: root bus resource [mem 0x40000000-0xfdffffff window]
[    3.083630] pci_bus 0000:00: root bus resource [bus 00-ff]
[    3.099488] pci 0000:00:01.1: legacy IDE quirk: reg 0x10: [io  0x01f0-0x01f7]
[    3.105246] pci 0000:00:01.1: legacy IDE quirk: reg 0x14: [io  0x03f6]
[    3.116634] pci 0000:00:01.1: legacy IDE quirk: reg 0x18: [io  0x0170-0x0177]
[    3.127612] pci 0000:00:01.1: legacy IDE quirk: reg 0x1c: [io  0x0376]
[    3.149037] pci 0000:00:07.0: quirk: [io  0x4000-0x403f] claimed by PIIX4 ACPI
[    3.151375] pci 0000:00:07.0: quirk: [io  0x4100-0x410f] claimed by PIIX4 SMB
[    3.182353] ACPI: PCI Interrupt Link [LNKA] (IRQs 5 9 10 *11)
[    3.198229] ACPI: PCI Interrupt Link [LNKB] (IRQs 5 9 *10 11)
[    3.205832] ACPI: PCI Interrupt Link [LNKC] (IRQs 5 *9 10 11)
[    3.214485] ACPI: PCI Interrupt Link [LNKD] (IRQs 5 9 10 *11)
[    3.234868] ACPI: Enabled 2 GPEs in block 00 to 07
[    3.244816] vgaarb: setting as boot device: PCI:0000:00:02.0
[    3.253158] vgaarb: device added: PCI:0000:00:02.0,decodes=io+mem,owns=io+mem,locks=none
[    3.263983] vgaarb: loaded
[    3.270413] vgaarb: bridge control possible 0000:00:02.0
[    3.289942] SCSI subsystem initialized
[    3.316505] ACPI: bus type USB registered
[    3.357120] usbcore: registered new interface driver usbfs
[    3.358622] usbcore: registered new interface driver hub
[    3.360045] usbcore: registered new device driver usb
[    3.361551] PCI: Using ACPI for IRQ routing
[    3.363201] NetLabel: Initializing
[    3.372656] NetLabel:  domain hash size = 128
[    3.373857] NetLabel:  protocols = UNLABELED CIPSOv4
[    3.375194] NetLabel:  unlabeled traffic allowed by default
[    3.444363] amd_nb: Cannot enumerate AMD northbridges
[    3.498794] clocksource: Switched to clocksource kvm-clock
[    3.507465] AppArmor: AppArmor Filesystem Enabled
[    3.558808] pnp: PnP ACPI init
[    3.560842] pnp: PnP ACPI: found 3 devices
[    3.581113] clocksource: acpi_pm: mask: 0xffffff max_cycles: 0xffffff, max_idle_ns: 2085701024 ns
[    3.667605] NET: Registered protocol family 2
[    3.697298] TCP established hash table entries: 8192 (order: 4, 65536 bytes)
[    3.734453] TCP bind hash table entries: 8192 (order: 5, 131072 bytes)
[    3.804341] TCP: Hash tables configured (established 8192 bind 8192)
[    3.874515] UDP hash table entries: 512 (order: 2, 16384 bytes)
[    3.937018] UDP-Lite hash table entries: 512 (order: 2, 16384 bytes)
[    3.962395] NET: Registered protocol family 1
[    3.978602] pci 0000:00:00.0: Limiting direct PCI/PCI transfers
[    3.998577] pci 0000:00:01.0: Activating ISA DMA hang workarounds
[    4.000360] Unpacking initramfs...
[    4.239827] Freeing initrd memory: 15364K
[    4.242777] platform rtc_cmos: registered platform RTC device (no PNP device found)
[    4.247573] Scanning for low memory corruption every 60 seconds
[    4.249304] audit: initializing netlink subsys (disabled)
[    4.250725] audit: type=2000 audit(1551523327.958:1): initialized
[    4.258769] Initialise system trusted keyring
[    4.267365] HugeTLB registered 2 MB page size, pre-allocated 0 pages
[    4.299025] zbud: loaded
[    4.305660] VFS: Disk quotas dquot_6.6.0
[    4.352512] VFS: Dquot-cache hash table entries: 512 (order 0, 4096 bytes)
[    4.377237] squashfs: version 4.0 (2009/01/31) Phillip Lougher
[    4.378965] fuse init (API version 7.23)
[    4.380179] Key type big_key registered
[    4.381272] Allocating IMA MOK and blacklist keyrings.
[    4.401984] Key type asymmetric registered
[    4.432023] Asymmetric key parser 'x509' registered
[    4.482613] Block layer SCSI generic (bsg) driver version 0.4 loaded (major 249)
[    4.498759] io scheduler noop registered
[    4.499898] io scheduler deadline registered (default)
[    4.521247] io scheduler cfq registered
[    4.537254] pci_hotplug: PCI Hot Plug PCI Core version: 0.5
[    4.538736] pciehp: PCI Express Hot Plug Controller Driver version: 0.4
[    4.540785] ACPI: AC Adapter [AC] (off-line)
[    4.571154] input: Power Button as /devices/LNXSYSTM:00/LNXPWRBN:00/input/input0
[    4.652956] ACPI: Power Button [PWRF]
[    4.715429] input: Sleep Button as /devices/LNXSYSTM:00/LNXSLPBN:00/input/input1
[    4.728737] ACPI: Sleep Button [SLPF]
[    4.730799] ACPI: Battery Slot [BAT0] (battery present)
[    4.757581] GHES: HEST is not enabled!
[    4.797092] Serial: 8250/16550 driver, 32 ports, IRQ sharing enabled
[    4.861149] 00:02: ttyS0 at I/O 0x3f8 (irq = 4, base_baud = 115200) is a 16550A
[    4.896154] Linux agpgart interface v0.103
[    4.915608] loop: module loaded
[    4.947632] scsi host0: ata_piix
[    4.948832] scsi host1: ata_piix
[    4.949951] ata1: PATA max UDMA/33 cmd 0x1f0 ctl 0x3f6 bmdma 0xd000 irq 14
[    4.966998] ata2: PATA max UDMA/33 cmd 0x170 ctl 0x376 bmdma 0xd008 irq 15
[    4.983371] libphy: Fixed MDIO Bus: probed
[    4.984520] tun: Universal TUN/TAP device driver, 1.6
[    5.037685] tun: (C) 1999-2004 Max Krasnyansky <maxk@qualcomm.com>
[    5.124167] PPP generic driver version 2.4.2
[    5.128370] ehci_hcd: USB 2.0 'Enhanced' Host Controller (EHCI) Driver
[    5.130064] ehci-pci: EHCI PCI platform driver
[    5.139343] ehci-platform: EHCI generic platform driver
[    5.140760] ohci_hcd: USB 1.1 'Open' Host Controller (OHCI) Driver
[    5.193410] ohci-pci: OHCI PCI platform driver
[    5.194656] ohci-platform: OHCI generic platform driver
[    5.248966] tsc: Refined TSC clocksource calibration: 2304.865 MHz
[    5.287545] clocksource: tsc: mask: 0xffffffffffffffff max_cycles: 0x21392914714, max_idle_ns: 440795318593 ns
[    5.313429] uhci_hcd: USB Universal Host Controller Interface driver
[    5.318623] i8042: PNP: PS/2 Controller [PNP0303:PS2K,PNP0f03:PS2M] at 0x60,0x64 irq 1,12
[    5.324844] serio: i8042 KBD port at 0x60,0x64 irq 1
[    5.327060] serio: i8042 AUX port at 0x60,0x64 irq 12
[    5.329123] mousedev: PS/2 mouse device common for all mice
[    5.331979] rtc_cmos rtc_cmos: rtc core: registered rtc_cmos as rtc0
[    5.335733] rtc_cmos rtc_cmos: alarms up to one day, 114 bytes nvram
[    5.354716] i2c /dev entries driver
[    5.362281] device-mapper: uevent: version 1.0.3
[    5.366440] device-mapper: ioctl: 4.34.0-ioctl (2015-10-28) initialised: dm-devel@redhat.com
[    5.397881] input: AT Translated Set 2 keyboard as /devices/platform/i8042/serio0/input/input2
[    5.402815] ledtrig-cpu: registered to indicate activity on CPUs
[    5.413659] NET: Registered protocol family 10
[    5.415309] NET: Registered protocol family 17
[    5.416886] Key type dns_resolver registered
[    5.447003] registered taskstats version 1
[    5.448214] Loading compiled-in X.509 certificates
[    5.488619] Loaded X.509 cert 'Build time autogenerated kernel key: bff73e56bc0efa7435b2a24f5427674623f1be80'
[    5.491278] zswap: loaded using pool lzo/zbud
[    5.493710] Key type trusted registered
[    5.554280] Key type encrypted registered
[    5.562906] AppArmor: AppArmor sha1 policy hashing enabled
[    5.573436] ima: No TPM chip found, activating TPM-bypass!
[    5.574927] ima: Allocated hash algorithm: sha1
[    5.623651] evm: HMAC attrs: 0x1
[    5.650385]   Magic number: 11:872:728
[    5.681938] rtc_cmos rtc_cmos: setting system clock to 2019-03-02 10:42:05 UTC (1551523325)
[    5.709919] BIOS EDD facility v0.16 2004-Jun-25, 0 devices found
[    5.726680] EDD information not available.
[    5.728937] Freeing unused kernel memory: 1484K
[    5.763484] Write protecting the kernel read-only data: 14336k
[    5.775493] Freeing unused kernel memory: 1624K
[    5.776936] Freeing unused kernel memory: 92K
Loading, please [    5.809874] random: udevadm: uninitialized urandom read (16 bytes read, 5 bits of entropy available)
wait...
startin[    5.841623] random: systemd-udevd: uninitialized urandom read (16 bytes read, 5 bits of entropy available)
g version 229
[    5.962588] random: udevadm: uninitialized urandom read (16 bytes read, 5 bits of entropy available)
[    6.015253] random: udevadm: uninitialized urandom read (16 bytes read, 5 bits of entropy available)
[    6.049132] random: systemd-udevd: uninitialized urandom read (16 bytes read, 5 bits of entropy available)
[    6.082907] random: udevadm: uninitialized urandom read (16 bytes read, 5 bits of entropy available)
[    6.182613] random: systemd-udevd: uninitialized urandom read (16 bytes read, 5 bits of entropy available)
[    6.307643] random: udevadm: uninitialized urandom read (16 bytes read, 5 bits of entropy available)
[    6.310131] random: udevadm: uninitialized urandom read (16 bytes read, 5 bits of entropy available)
[    6.355478] random: udevadm: uninitialized urandom read (16 bytes read, 5 bits of entropy available)
[    6.453936] e1000: Intel(R) PRO/1000 Network Driver - version 7.3.21-k8-NAPI
[    6.460090] e1000: Copyright (c) 1999-2006 Intel Corporation.
[    6.468039] Fusion MPT base driver 3.04.20
[    6.469801] Copyright (c) 1999-2008 LSI Corporation
[    6.505967] Fusion MPT SPI Host driver 3.04.20
[    6.522373] AVX2 version of gcm_enc/dec engaged.
[    6.572370] AES CTR mode by8 optimization enabled
[    6.682458] input: ImExPS/2 Generic Explorer Mouse as /devices/platform/i8042/serio1/input/input5
[    6.949844] e1000 0000:00:03.0 eth0: (PCI:33MHz:32-bit) 02:c9:72:dd:e7:4d
[    6.973674] e1000 0000:00:03.0 eth0: Intel(R) PRO/1000 Network Connection
[    7.027643] mptbase: ioc0: Initiating bringup
[    7.127622] ioc0: LSI53C1030 A0: Capabilities={Initiator}
[    7.365182] scsi host2: ioc0: LSI53C1030 A0, FwRev=00000000h, Ports=1, MaxQ=256, IRQ=20
[    7.504843] scsi 2:0:0:0: Direct-Access     VBOX     HARDDISK         1.0  PQ: 0 ANSI: 5
[    7.516563] scsi target2:0:0: Beginning Domain Validation
[    7.531822] scsi target2:0:0: Domain Validation skipping write tests
[    7.548008] scsi target2:0:0: Ending Domain Validation
[    7.556741] scsi target2:0:0: asynchronous
[    7.576336] scsi 2:0:1:0: Direct-Access     VBOX     HARDDISK         1.0  PQ: 0 ANSI: 5
[    7.598741] scsi target2:0:1: Beginning Domain Validation
[    7.670962] scsi target2:0:1: Domain Validation skipping write tests
[    7.738087] scsi target2:0:1: Ending Domain Validation
[    7.802695] scsi target2:0:1: asynchronous
[    7.993110] sd 2:0:0:0: Attached scsi generic sg0 type 0
[    8.037876] sd 2:0:0:0: [sda] 20971520 512-byte logical blocks: (10.7 GB/10.0 GiB)
[    8.148883] sd 2:0:1:0: [sdb] 20480 512-byte logical blocks: (10.5 MB/10.0 MiB)
[    8.221113] sd 2:0:1:0: Attached scsi generic sg1 type 0
[    8.286392] e1000 0000:00:08.0 eth1: (PCI:33MHz:32-bit) 08:00:27:d1:4d:c7
[    8.306066] e1000 0000:00:08.0 eth1: Intel(R) PRO/1000 Network Connection
[    8.323313] e1000 0000:00:08.0 enp0s8: renamed from eth1
[    8.379676] e1000 0000:00:03.0 enp0s3: renamed from eth0
[    8.408233] sd 2:0:0:0: [sda] Write Protect is off
[    8.415606] sd 2:0:1:0: [sdb] Write Protect is off
[    8.448838] sd 2:0:0:0: [sda] Incomplete mode parameter data
[    8.450376] sd 2:0:0:0: [sda] Assuming drive cache: write through
[    8.495107] sd 2:0:1:0: [sdb] Incomplete mode parameter data
[    8.503377] sd 2:0:1:0: [sdb] Assuming drive cache: write through
[    8.548651]  sda: sda1
[    8.565884] sd 2:0:0:0: [sda] Attached SCSI disk
[    8.573273] sd 2:0:1:0: [sdb] Attached SCSI disk
Begin: Loading essential drivers ... [    9.869042] md: linear personality registered for level -1
[    9.896639] md: multipath personality registered for level -4
[    9.908069] md: raid0 personality registered for level 0
[    9.912562] md: raid1 personality registered for level 1
[   10.029588] raid6: sse2x1   gen() 12774 MB/s
[   10.124529] raid6: sse2x1   xor()  9249 MB/s
[   10.212157] raid6: sse2x2   gen() 15453 MB/s
[   10.287058] raid6: sse2x2   xor() 10604 MB/s
[   10.354895] raid6: sse2x4   gen() 16869 MB/s
[   10.444368] raid6: sse2x4   xor() 11297 MB/s
[   10.546104] raid6: avx2x1   gen() 16946 MB/s
[   10.614890] raid6: avx2x2   gen() 12654 MB/s
[   10.686562] raid6: avx2x4   gen() 29768 MB/s
[   10.695436] raid6: using algorithm avx2x4 gen() 29768 MB/s
[   10.696914] raid6: using avx2x2 recovery algorithm
[   10.701403] xor: automatically using best checksumming function:
[   10.742856]    avx       : 27461.000 MB/sec
[   10.745959] async_tx: api initialized (async)
[   10.758578] md: raid6 personality registered for level 6
[   10.761928] md: raid5 personality registered for level 5
[   10.763480] md: raid4 personality registered for level 4
[   10.769878] md: raid10 personality registered for level 10
done.
Begin: Running /scripts/init-premount ... done.
Begin: Mounting root file syst[   10.816347] Btrfs loaded
em ... Begin: Running /scripts/local-top ... done.
Begin: Running /scripts/local-premount ... Scanning for Btrfs filesystems
done.
Warning: fsck not present, so skipping root file system
[   10.997357] EXT4-fs (sda1): mounted filesystem with ordered data mode. Opts: (null)
done.
Begin: Running /scripts/local-bottom ... done.
Begin: Running /scripts/init-bottom ... done.
[   11.140982] systemd[1]: systemd 229 running in system mode. (+PAM +AUDIT +SELINUX +IMA +APPARMOR +SMACK +SYSVINIT +UTMP +LIBCRYPTSETUP +GCRYPT +GNUTLS +ACL +XZ -LZ4 +SECCOMP +BLKID +ELFUTILS +KMOD -IDN)
[   11.246728] systemd[1]: Detected virtualization oracle.
[   11.288565] systemd[1]: Detected architecture x86-64.

Welcome to [1mUbuntu 16.04.5 LTS[0m!

[   11.345188] systemd[1]: Set hostname to <ubuntu>.
[   11.525659] systemd[1]: Listening on Device-mapper event daemon FIFOs.
[[0;32m  OK  [0m] Listening on Device-mapper event daemon FIFOs.
[   11.529058] systemd[1]: Listening on /dev/initctl Compatibility Named Pipe.
[[0;32m  OK  [0m] Listening on /dev/initctl Compatibility Named Pipe.
[   11.532723] systemd[1]: Created slice User and Session Slice.
[[0;32m  OK  [0m] Created slice User and Session Slice.
[   11.547883] systemd[1]: Listening on Journal Socket (/dev/log).
[[0;32m  OK  [0m] Listening on Journal Socket (/dev/log).
[   11.632651] systemd[1]: Started Forward Password Requests to Wall Directory Watch.
[[0;32m  OK  [0m] Started Forward Password Requests to Wall Directory Watch.
[   11.739716] systemd[1]: Set up automount Arbitrary Executable File Formats File System Automount Point.
[[0;32m  OK  [0m] Set up automount Arbitrary Executab...ats File System Automount Point.
[   11.848089] systemd[1]: Listening on LVM2 poll daemon socket.
[[0;32m  OK  [0m] Listening on LVM2 poll daemon socket.
[   11.860547] systemd[1]: Listening on LVM2 metadata daemon socket.
[[0;32m  OK  [0m] Listening on LVM2 metadata daemon socket.
[   11.991563] systemd[1]: Reached target User and Group Name Lookups.
[[0;32m  OK  [0m] Reached target User and Group Name Lookups.
[   12.039379] systemd[1]: Listening on Syslog Socket.
[[0;32m  OK  [0m] Listening on Syslog Socket.
[   12.044072] systemd[1]: Reached target Swap.
[[0;32m  OK  [0m] Reached target Swap.
[   12.054117] systemd[1]: Started Trigger resolvconf update for networkd DNS.
[[0;32m  OK  [0m] Started Trigger resolvconf update for networkd DNS.
[   12.058369] systemd[1]: Reached target System Time Synchronized.
[[0;32m  OK  [0m] Reached target System Time Synchronized.
[   12.080992] systemd[1]: Created slice System Slice.
[[0;32m  OK  [0m] Created slice System Slice.
[   12.087134] systemd[1]: Reached target Slices.
[[0;32m  OK  [0m] Reached target Slices.
[   12.093536] systemd[1]: Created slice system-serial\x2dgetty.slice.
[[0;32m  OK  [0m] Created slice system-serial\x2dgetty.slice.
[   12.102707] systemd[1]: Reached target Encrypted Volumes.
[[0;32m  OK  [0m] Reached target Encrypted Volumes.
[   12.109042] systemd[1]: Listening on Journal Socket.
[[0;32m  OK  [0m] Listening on Journal Socket.
[   12.117248] systemd[1]: Starting Create list of required static device nodes for the current kernel...
         Starting Create list of required st... nodes for the current kernel...
[   12.136986] systemd[1]: Starting Remount Root and Kernel File Systems...
         Starting Remount Root and Kernel File Systems...
[   12.150391] systemd[1]: Starting Set console keymap...
         [   12.174048] EXT4-fs (sda1): re-mounted. Opts: (null)
Starting Set console keymap...
[   12.280701] systemd[1]: Mounting POSIX Message Queue File System...
         [   12.320222] random: nonblocking pool is initialized
Mounting POSIX Message Queue File System...
[   12.361866] systemd[1]: Starting Nameserver information manager...
         Starting Nameserver information manager...
[   12.468482] systemd[1]: Mounting Debug File System...
         Mounting Debug File System...
[   12.565029] systemd[1]: Mounting RPC Pipe File System...
         Mounting RPC Pipe File System...[   12.654390] RPC: Registered named UNIX socket transport module.

[   12.690387] RPC: Registered udp transport module.
[   12.708883] RPC: Registered tcp transport module.
[   12.727974] RPC: Registered tcp NFSv4.1 backchannel transport module.
[   12.744708] systemd[1]: Mounting Huge Pages File System...
         Mounting Huge Pages File System...
[   12.801691] systemd[1]: Listening on Journal Audit Socket.
[[0;32m  OK  [0m] Listening on Journal Audit Socket.
[   12.822691] systemd[1]: Starting Journal Service...
         Starting Journal Service...
[   12.867032] systemd[1]: Starting Load Kernel Modules...
         Starting Load Ke[   12.896368] Loading iSCSI transport class v2.0-870.
rnel Modules...
[   12.973405] systemd[1]: Listening on udev Kernel Socket.
[[0;32m  OK  [0m] Listening on udev Kernel Socket.[   12.987478] iscsi: registered transport (tcp)

[   13.055830] systemd[1]: Starting Monitoring of LVM2 mirrors, snapshots etc. using dmeventd or progress polling...
         Starting Monitoring of LVM2 mirr[   13.111048] iscsi: registered transport (iser)
ors... dmeventd or progress polling...
[   13.152164] systemd[1]: Starting Uncomplicated firewall...
         Starting Uncomplicated firewall...
[   13.183683] systemd[1]: Listening on udev Control Socket.
[[0;32m  OK  [0m] Listening on udev Control Socket.
[   13.216263] systemd[1]: Mounted RPC Pipe File System.
[[0;32m  OK  [0m] Mounted RPC Pipe File System.
[   13.227197] systemd[1]: Mounted Huge Pages File System.
[[0;32m  OK  [0m] Mounted Huge Pages File System.
[   13.234568] systemd[1]: Mounted POSIX Message Queue File System.
[[0;32m  OK  [0m] Mounted POSIX Message Queue File System.
[   13.267591] systemd[1]: Mounted Debug File System.
[[0;32m  OK  [0m] Mounted Debug File System.
[   13.274314] systemd[1]: Started Journal Service.
[[0;32m  OK  [0m] Started Journal Service.
[[0;32m  OK  [0m] Started Create list of required sta...ce nodes for the current kernel.
[[0;32m  OK  [0m] Started Remount Root and Kernel File Systems.
[[0;32m  OK  [0m] Started Set console keymap.
[[0;32m  OK  [0m] Started Load Kernel Modules.
[[0;32m  OK  [0m] Started Uncomplicated firewall.
[[0;32m  OK  [0m] Started Nameserver information manager.
[[0;32m  OK  [0m] Started LVM2 metadata daemon.
         Mounting FUSE Control File System...
         Starting Apply Kernel Variables...
         Starting Load/Save Random Seed...
         Starting udev Coldplug all Devices...
         Starting Create Static Device Nodes in /dev...
         Starting Flush Journal to Persistent Storage...
[[0;32m  OK  [0m] Mounted FUSE Control File System.
[[0;32m  OK  [0m] Started Apply Kernel Variables.
[[0;32m  OK  [0m] Started Load/Save Random Seed.
[[0;32m  OK  [0m] Started Create Static Device Nodes in /dev.
[[0;32m  OK  [0m] Started udev Coldplug all Devices.
[[0;32m  OK  [0m] Started Monitoring of LVM2 mirrors,...ng dmeventd or progress polling.
[[0;32m  OK  [0m] Started Flush Journal to Persistent Storage.
[[0;32m  OK  [0m] Reached target Local File Systems (Pre).
[[0;32m  OK  [0m] Reached target Local File Systems.
         Starting Initial cloud-init job (pre-networking)...
         Starting Set console font and keymap...
         Starting Create Volatile Files and Directories...
         Starting Preprocess NFS configuration...
         Starting LSB: AppArmor initialization...
         Starting Tell Plymouth To Write Out Runtime Data...
         Starting udev Kernel Device Manager...
[[0;32m  OK  [0m] Started udev Kernel Device Manager.
[[0;32m  OK  [0m] Started Create Volatile Files and Directories.
[[0;32m  OK  [0m] Started Preprocess NFS configuration.
[[0;32m  OK  [0m] Started Tell Plymouth To Write Out Runtime Data.
[[0;32m  OK  [0m] Reached target NFS client services.
         Starting Update UTMP about System Boot/Shutdown...
[[0;32m  OK  [0m] Started Dispatch Password Requests to Console Directory Watch.
[[0;32m  OK  [0m] Started LSB: AppArmor initialization.
[[0;32m  OK  [0m] Started Update UTMP about System Boot/Shutdown.
[[0;32m  OK  [0m] Found device /dev/ttyS0.
[[0;32m  OK  [0m] Listening on Load/Save RF Kill Switch Status /dev/rfkill Watch.
[[0;32m  OK  [0m] Started Set console font and keymap.
[[0;32m  OK  [0m] Created slice system-getty.slice.
[[0;32m  OK  [0m] Found device 82540EM Gigabit Ethern...r (PRO/1000 MT Desktop Adapter).
[[0;32m  OK  [0m] Found device 82540EM Gigabit Ethern...r (PRO/1000 MT Desktop Adapter).
[[0;32m  OK  [0m] Started Initial cloud-init job (pre-networking).
[[0;32m  OK  [0m] Reached target Network (Pre).
[   12.583373] cloud-init[490]: Cloud-init v. 18.4-0ubuntu1~16.04.2 running 'init-local' at Sat, 02 Mar 2019 10:42:15 +0000. Up 12.21 seconds.
         Starting Raise network interfaces...
[[0;32m  OK  [0m] Started ifup for enp0s8.
[[0;32m  OK  [0m] Started ifup for enp0s3.
[[0;32m  OK  [0m] Started Raise network interfaces.
[[0;32m  OK  [0m] Reached target Network.
         Starting Initial cloud-init job (metadata service crawler)...
[   13.685394] cloud-init[1087]: Cloud-init v. 18.4-0ubuntu1~16.04.2 running 'init' at Sat, 02 Mar 2019 10:42:16 +0000. Up 13.43 seconds.
[   13.692833] cloud-init[1087]: ci-info: ++++++++++++++++++++++++++++++++++++++Net device info+++++++++++++++++++++++++++++++++++++++
[   13.700622] cloud-init[1087]: ci-info: +--------+------+-----------------------------+---------------+--------+-------------------+
[   13.731115] cloud-init[[0;32m  OK  [0m] Started Initial cloud-init job (metadata service crawler).
[[0;32m  OK  [0m] Reached target System Initialization.[1087]: ci-info: | Device |  Up  |           Address           |      Mask     | Scope  |     Hw-Address    |
[   13.736450] cloud-init[1087]: ci-info: +--------+------+-----------------------------+---------------+--------+-------------------+
[   13.736483] cloud-init[1087]: ci-info: | enp0s3 | True |          10.0.2.15          | 255.255.255.0 | global | 02:c9:72:dd:e7:4d |
[   13.736509] cloud-init[1087]: ci-info: | enp0s3 | True |  fe80::c9:72ff:fedd:e74d/64 |       .       |  link  | 02:c9:72:dd:e7:4d |
[   13.736534] cloud-init[1087]: ci-info: | enp0s8 | True |        192.168.50.15        | 255.255.255.0 | global | 08:00:27:d1:4d:c7 |
[   13.736565] cloud-init[1087]: ci-info: | enp0s8 | True | fe80::a00:27ff:fed1:4dc7/64 |       .       |  link  | 08:00:27:d1:4d:c7 |
[   13.736592] cloud-init[1087]: ci-info: |   lo   | True |          127.0.0.1          |   255.0.0.0   |  host  |         .         |
[   13.736615] cloud-init[1087]: ci-info: |   lo   | True |           ::1/128           |       .       |  host  |         .         |
[   13.736640] cloud-init[1087]: ci-info: +--------+------+-----------------------------+---------------+--------+-------------------+
[   13.736665] cloud-init[1087]: ci-info: ++++++++++++++++++++++++++++Route IPv4 info++++++++++++++++++++++++++++
[   13.736689] cloud-init[1087]: ci-info: +-------+--------------+----------+---------------+-----------+-------+
[   13.736714] cloud-init[1087]: ci-info: | Route | Destination  | Gateway  |    Genmask    | Interface | Flags |
[   13.736738] cloud-init[1087]: ci-info: +-------+--------------+----------+---------------+-----------+-------+
[   13.736762] cloud-init[1087]: ci-info: |   0   |   0.0.0.0    | 10.0.2.2 |    0.0.0.0    |   enp0s3  |   UG  |
[   13.736789] cloud-init[1087]: ci-info: |   1   |   10.0.2.0   | 0.0.0.0  | 255.255.255.0 |   enp0s3  |   U   |
[   13.736814] cloud-init[1087]: ci-info: |   2   | 192.168.50.0 | 0.0.0.0  | 255.255.255.0 |   enp0s8  |   U   |
[   13.736838] cloud-init[1087]: ci-info: +-------+--------------+----------+---------------+-----------+-------+
[   13.736862] cloud-init[1087]: ci-info: +++++++++++++++++++Route IPv6 info+++++++++++++++++++
[   13.736887] cloud-init[1087]: ci-info: +-------+-------------+---------+-----------+-------+
[   13.736924] cloud-init[1087]: ci-info: | Route | Destination | Gateway | Interface | Flags |
[   13.736949] cloud-init[1087]: ci-info: +-------+-------------+---------+-----------+-------+
[   13.736973] cloud-init[1087]: ci-info: |   0   |  fe80::/64  |    ::   |   enp0s8  |   U   |
[   13.736998] cloud-init[1087]: ci-info: |   1   |  fe80::/64  |    ::   |   enp0s3  |   U   |
[   13.737023] cloud-init[1087]: ci-info: |   4   |   ff00::/8  |    ::   |   enp0s8  |   U   |
[   13.737048] cloud-init[1087]: ci-info: |   5   |   ff00::/8  |    ::   |   enp0s3  |   U   |
[   13.737072] cloud-init[1087]: ci-info: +-------+-------------+---------+-----------+-------+

[[0;32m  OK  [0m] Listening on ACPID Listen Socket.
         Starting LXD - unix socket.
[[0;32m  OK  [0m] Listening on UUID daemon activation socket.
[[0;32m  OK  [0m] Started Daily apt download activities.
[[0;32m  OK  [0m] Started ACPI Events Check.
[[0;32m  OK  [0m] Reached target Paths.
         Starting Socket activation for snappy daemon.
[[0;32m  OK  [0m] Started Daily apt upgrade and clean activities.
[[0;32m  OK  [0m] Listening on RPCbind Server Activation Socket.
[[0;32m  OK  [0m] Listening on D-Bus System Message Bus Socket.
[[0;32m  OK  [0m] Started Daily Cleanup of Temporary Directories.
[[0;32m  OK  [0m] Reached target Timers.
[[0;32m  OK  [0m] Reached target Cloud-config availability.
[[0;32m  OK  [0m] Reached target Network is Online.
         Starting iSCSI initiator daemon (iscsid)...
[[0;32m  OK  [0m] Listening on LXD - unix socket.
[[0;32m  OK  [0m] Listening on Socket activation for snappy daemon.
[[0;32m  OK  [0m] Started iSCSI initiator daemon (iscsid).
         Starting Login to default iSCSI targets...
[[0;32m  OK  [0m] Reached target Sockets.
[[0;32m  OK  [0m] Reached target Basic System.
         Starting LSB: MD monitoring daemon...
[[0;32m  OK  [0m] Started Deferred execution scheduler.
[[0;32m  OK  [0m] Started FUSE filesystem for LXC.
[[0;32m  OK  [0m] Started Unattended Upgrades Shutdown.
         Starting Virtualbox guest utils...
         Starting /etc/rc.local Compatibility...
         Starting Login Service...
[[0;32m  OK  [0m] Started D-Bus System Message Bus.
         Starting OpenBSD Secure Shell server...
         Starting LSB: Record successful boot for GRUB...
[[0;32m  OK  [0m] Started ACPI event daemon.
         Starting System Logging Service...
         Starting The Salt Minion...
         Starting Accounts Service...
[[0;32m  OK  [0m] Started Regular background program processing daemon.
         Starting Snappy daemon...
         Starting LXD - container startup/shutdown...
[[0;32m  OK  [0m] Started /etc/rc.local Compatibility.
[[0;32m  OK  [0m] Started System Logging Service.
[[0;32m  OK  [0m] Started Login to default iSCSI targets.
[[0;32m  OK  [0m] Started LSB: MD monitoring daemon.
[[0;32m  OK  [0m] Started OpenBSD Secure Shell server.
[[0;32m  OK  [0m] Started LSB: Record successful boot for GRUB.
[[0;32m  OK  [0m] Started LXD - container startup/shutdown.
[[0;32m  OK  [0m] Started Login Service.
[[0;32m  OK  [0m] Started Snappy daemon.
[[0;32m  OK  [0m] Started Virtualbox guest utils.
         Starting Wait until snapd is fully seeded...
         Starting Authenticate and Authorize Users to Run Privileged Tasks...
[[0;32m  OK  [0m] Reached target Remote File Systems (Pre).
[[0;32m  OK  [0m] Reached target Remote File Systems.
         Starting LSB: Start/stop sysstat's sadc...
         Starting Permit User Sessions...
         Starting LSB: daemon to balance interrupts for SMP systems...
         Starting LSB: Apache2 web server...
         Starting LSB: Automounts filesystems on demand...
         Starting LSB: automatic crash report generation...
         Starting LSB: Set the CPU Frequency Scaling governor to "ondemand"...
[[0;32m  OK  [0m] Started Permit User Sessions.
[[0;32m  OK  [0m] Started LSB: Start/stop sysstat's sadc.
[[0;32m  OK  [0m] Started Wait until snapd is fully seeded.
[[0;32m  OK  [0m] Started Authenticate and Authorize Users to Run Privileged Tasks.
[[0;32m  OK  [0m] Started Accounts Service.
[[0;32m  OK  [0m] Created slice User Slice of vagrant.
         Starting User Manager for UID 1000...
[[0;32m  OK  [0m] Started Session 1 of user vagrant.
         Starting Apply the settings specified in cloud-config...
         Starting Hold until boot process finishes up...
         Starting Terminate Plymouth Boot Screen...
[[0;32m  OK  [0m] Started User Manager for UID 1000.
[[0;32m  OK  [0m] Started LSB: daemon to balance interrupts for SMP systems.
[[0;32m  OK  [0m] Started LSB: Automounts filesystems on demand.
[[0;32m  OK  [0m] Started LSB: automatic crash report generation.
[[0;32m  OK  [0m] Started LSB: Set the CPU Frequency Scaling governor to "ondemand".
[[0;32m  OK  [0m] Started Hold until boot process finishes up.
[[0;32m  OK  [0m] Started Terminate Plymouth Boot Screen.
[[0;32m  OK  [0m] Started Serial Getty on ttyS0.
[[0;32m  OK  [0m] Started Getty on tty1.
[[0;32m  OK  [0m] Reached target Login Prompts.
         Starting Set console scheme...
[[0;32m  OK  [0m] Started The Salt Minion.
[[0;32m  OK  [0m] Started LSB: Apache2 web server.
[[0;32m  OK  [0m] Started Set console scheme.
[[0;32m  OK  [0m] Reached target Multi-User System.
[[0;32m  OK  [0m] Reached target Graphical Interface.
         Starting Update UTMP about System Runlevel Changes...
[[0;32m  OK  [0m] Started Update UTMP about System Runlevel Changes.
[   16.474984] cloud-init[1368]: Cloud-init v. 18.4-0ubuntu1~16.04.2 running 'modules:config' at Sat, 02 Mar 2019 10:42:18 +0000. Up 16.15 seconds.
[[0;32m  OK  [0m] Started Apply the settings specified in cloud-config.
         Starting Execute cloud user/final scripts...
[   17.852392] cloud-init[1541]: Cloud-init v. 18.4-0ubuntu1~16.04.2 running 'modules:final' at Sat, 02 Mar 2019 10:42:20 +0000. Up 17.61 seconds.
[   17.920410] cloud-init[1541]: Cloud-init v. 18.4-0ubuntu1~16.04.2 finished at Sat, 02 Mar 2019 10:42:20 +0000. Datasource DataSourceNoCloud [seed=/dev/sdb][dsmode=net].  Up 17.82 seconds
[[0;32m  OK  [0m] Started Execute cloud user/final scripts.
[[0;32m  OK  [0m] Reached target Cloud-init target.

Ubuntu 16.04.5 LTS ubuntu ttyS0

ubuntu login: 